Script started on Sat 18 Apr 2015 11:18:41 PM PDT
~
jdixo001@hammer $ cd Documents/rshell
~/Documents/rshell
jdixo001@hammer $ make run
bin/rshell
jdixo001@hammer.cs.ucr.edu $ ls 
bin  exec.script  LICENSE  Makefile  README.md	src  tests
jdixo001@hammer.cs.ucr.edu $ ls    pwd 
/home/csmajs/jdixo001/Documents/rshell
jdixo001@hammer.cs.ucr.edu $ ls -a
.  ..  bin  exec.script  .git  LICENSE	Makefile  README.md  src  tests
jdixo001@hammer.cs.ucr.edu $ pwd -L
/home/csmajs/jdixo001/Documents/rshell
jdixo001@hammer.cs.ucr.edu $ ls -aaaaaaaaaaaaaaaasssssssssssssshhhhhhhhhhhhhhhhhlllllllllllllllltttttttttttttttttttttttttttttttttttttttttttttt
total 36K
4.0K drwx------ 6 jdixo001 csmajs 4.0K Apr 18 23:13 .
   0 -rw------- 1 jdixo001 csmajs    0 Apr 18 23:13 exec.script
4.0K drwx------ 2 jdixo001 csmajs 4.0K Apr 18 23:09 tests
4.0K drwx------ 8 jdixo001 csmajs 4.0K Apr 18 22:51 .git
4.0K drwx------ 4 jdixo001 csmajs 4.0K Apr 18 22:46 ..
4.0K drwx------ 2 jdixo001 csmajs 4.0K Apr 18 22:46 bin
4.0K drwx------ 2 jdixo001 csmajs 4.0K Apr 18 21:25 src
4.0K -rw------- 1 jdixo001 csmajs  268 Apr 18 21:14 Makefile
4.0K -rw------- 1 jdixo001 csmajs  469 Apr 18 18:09 README.md
4.0K -rw------- 1 jdixo001 csmajs 1.1K Apr 11 23:32 LICENSE
jdixo001@hammer.cs.ucr.edu $ pwd -LLLLLLLLLLLLLLLLLLLLLLLLLLLLLLLLLLLLLLLLLLLLLLLLLLLLLLLLLLLLLLLLLLLLLLLLLLLLLLLLLLLLLLLLLLLLLLLLLLLLLLLPPPPPPPPPPPPPPPPPPPPPPPPPPPPPPPPPP
/home/csmajs/jdixo001/Documents/rshell
jdixo001@hammer.cs.ucr.edu $ ls tests/
test.cpp
jdixo001@hammer.cs.ucr.edu $ g++ tests/test.cpp
jdixo001@hammer.cs.ucr.edu $ ./a.out
We love to test our programs!
jdixo001@hammer.cs.ucr.edu $ bin/rshell
jdixo001@hammer.cs.ucr.edu $ #rshell in rshell
jdixo001@hammer.cs.ucr.edu $ exit
jdixo001@hammer.cs.ucr.edu $ fghh
execvp: No such file or directory
jdixo001@hammer.cs.ucr.edu $ ljjjjj
execvp: No such file or directory
jdixo001@hammer.cs.ucr.edu $ lklklkl -a
execvp: No such file or directory
jdixo001@hammer.cs.ucr.edu $ ;s  ls			-a	-l -s
total 48
 4 drwx------ 6 jdixo001 csmajs 4096 Apr 18 23:14 .
 4 drwx------ 4 jdixo001 csmajs 4096 Apr 18 22:46 ..
12 -rwx------ 1 jdixo001 csmajs 8230 Apr 18 23:14 a.out
 4 drwx------ 2 jdixo001 csmajs 4096 Apr 18 22:46 bin
 0 -rw------- 1 jdixo001 csmajs    0 Apr 18 23:13 exec.script
 4 drwx------ 8 jdixo001 csmajs 4096 Apr 18 22:51 .git
 4 -rw------- 1 jdixo001 csmajs 1076 Apr 11 23:32 LICENSE
 4 -rw------- 1 jdixo001 csmajs  268 Apr 18 21:14 Makefile
 4 -rw------- 1 jdixo001 csmajs  469 Apr 18 18:09 README.md
 4 drwx------ 2 jdixo001 csmajs 4096 Apr 18 21:25 src
 4 drwx------ 2 jdixo001 csmajs 4096 Apr 18 23:09 tests
jdixo001@hammer.cs.ucr.edu $ ls ; ls    pwd
a.out  bin  exec.script  LICENSE  Makefile  README.md  src  tests
/home/csmajs/jdixo001/Documents/rshell
jdixo001@hammer.cs.ucr.edu $ fas lse ; pwd
/home/csmajs/jdixo001/Documents/rshell
jdixo001@hammer.cs.ucr.edu $ ls || pwd
a.out  bin  exec.script  LICENSE  Makefile  README.md  src  tests
jdixo001@hammer.cs.ucr.edu $ false || pwd
/home/csmajs/jdixo001/Documents/rshell
jdixo001@hammer.cs.ucr.edu $ ls && pwd
a.out  bin  exec.script  LICENSE  Makefile  README.md  src  tests
/home/csmajs/jdixo001/Documents/rshell
jdixo001@hammer.cs.ucr.edu $ ls    ls -a -       false && pwd
jdixo001@hammer.cs.ucr.edu $ ls -a       ls -a -s --h  h ; ls  pwd ; echo th  and connectors ; ps ;  ls
total 48K
4.0K .	  12K a.out     0 exec.script  4.0K LICENSE   4.0K README.md  4.0K tests
4.0K ..  4.0K bin    4.0K .git	       4.0K Makefile  4.0K src
/home/csmajs/jdixo001/Documents/rshell
and connectors
  PID TTY          TIME CMD
44932 pts/98   00:00:00 bash
44944 pts/98   00:00:00 make
44945 pts/98   00:00:00 rshell
45317 pts/98   00:00:00 ps
a.out  bin  exec.script  LICENSE  Makefile  README.md  src  tests
jdixo001@hammer.cs.ucr.edu $ ls -a -s -h || pwd || echo more connectors
total 48K
4.0K .	  12K a.out     0 exec.script  4.0K LICENSE   4.0K README.md  4.0K tests
4.0K ..  4.0K bin    4.0K .git	       4.0K Makefile  4.0K src
jdixo001@hammer.cs.ucr.edu $ ls -a -s     && pwd && ps && echo success! && cat tests/test.cpp
a.out  bin  exec.script  LICENSE  Makefile  README.md  src  tests
/home/csmajs/jdixo001/Documents/rshell
  PID TTY          TIME CMD
44932 pts/98   00:00:00 bash
44944 pts/98   00:00:00 make
44945 pts/98   00:00:00 rshell
45590 pts/98   00:00:00 ps
success!
#include <iostream>

using namespace std;

int main() {
	cout << "We love to test our programs!" << endl;
	return 0;
}
jdixo001@hammer.cs.ucr.edu $ ls  false || ls && false && pwd
a.out  bin  exec.script  LICENSE  Makefile  README.md  src  tests
jdixo001@hammer.cs.ucr.edu $ flase      alse || ls && false || pwd
a.out  bin  exec.script  LICENSE  Makefile  README.md  src  tests
/home/csmajs/jdixo001/Documents/rshell
jdixo001@hammer.cs.ucr.edu $ fas   false && ls ; pwd ; ps || another
/home/csmajs/jdixo001/Documents/rshell
  PID TTY          TIME CMD
44932 pts/98   00:00:00 bash
44944 pts/98   00:00:00 make
44945 pts/98   00:00:00 rshell
45761 pts/98   00:00:00 ps
jdixo001@hammer.cs.ucr.edu $ ls   -l&&cat tests/test.cpp			; ls -a|| pwd
total 36
-rwx------ 1 jdixo001 csmajs 8230 Apr 18 23:14 a.out
drwx------ 2 jdixo001 csmajs 4096 Apr 18 22:46 bin
-rw------- 1 jdixo001 csmajs    0 Apr 18 23:13 exec.script
-rw------- 1 jdixo001 csmajs 1076 Apr 11 23:32 LICENSE
-rw------- 1 jdixo001 csmajs  268 Apr 18 21:14 Makefile
-rw------- 1 jdixo001 csmajs  469 Apr 18 18:09 README.md
drwx------ 2 jdixo001 csmajs 4096 Apr 18 21:25 src
drwx------ 2 jdixo001 csmajs 4096 Apr 18 23:09 tests
#include <iostream>

using namespace std;

int main() {
	cout << "We love to test our programs!" << endl;
	return 0;
}
.  ..  a.out  bin  exec.script	.git  LICENSE  Makefile  README.md  src  tests
jdixo001@hammer.cs.ucr.edu $ exit
~/Documents/rshell
jdixo001@hammer $ make run
bin/rshell
jdixo001@hammer.cs.ucr.edu $ exit -a
execvp: No such file or directory
jdixo001@hammer.cs.ucr.edu $ exit -g
execvp: No such file or directory
jdixo001@hammer.cs.ucr.edu $ -g exit
execvp: No such file or directory
jdixo001@hammer.cs.ucr.edu $ ls -l exit
ls: cannot access exit: No such file or directory
jdixo001@hammer.cs.ucr.edu $ pwd -L exit
pwd: ignoring non-option arguments
/home/csmajs/jdixo001/Documents/rshell
jdixo001@hammer.cs.ucr.edu $ ls ; pwd && exit
a.out  bin  exec.script  LICENSE  Makefile  README.md  src  tests
/home/csmajs/jdixo001/Documents/rshell
~/Documents/rshell
jdixo001@hammer $ make run
bin/rshell
jdixo001@hammer.cs.ucr.edu $ ls || exit
a.out  bin  exec.script  LICENSE  Makefile  README.md  src  tests
jdixo001@hammer.cs.ucr.edu $ false || exit && ls
~/Documents/rshell
jdixo001@hammer $ make run
bin/rshell
jdixo001@hammer.cs.ucr.edu $ #
jdixo001@hammer.cs.ucr.edu $ #comment
jdixo001@hammer.cs.ucr.edu $ ls -a #comment after a commad nd
.  ..  a.out  bin  exec.script	.git  LICENSE  Makefile  README.md  src  tests
jdixo001@hammer.cs.ucr.edu $ ls  #comment touching a command
a.out  bin  exec.script  LICENSE  Makefile  README.md  src  tests
jdixo001@hammer.cs.ucr.edu $ ls #/  cd    ps ; ps ; ps && ps 
a.out  bin  exec.script  LICENSE  Makefile  README.md  src  tests
jdixo001@hammer.cs.ucr.edu $ ^comment made of commands
execvp: No such file or directory
jdixo001@hammer.cs.ucr.edu $ # ls &&& ls : ;;;;;;;;;;;;;;;;;;;; #any excessive amount of connectors is error
Error: Incorrect connector config
jdixo001@hammer.cs.ucr.edu $ &&& ls 
Error: Incorrect connector config
jdixo001@hammer.cs.ucr.edu $ ls |||
Error: Incorrect connector config
jdixo001@hammer.cs.ucr.edu $ ls ;;
a.out  bin  exec.script  LICENSE  Makefile  README.md  src  tests
jdixo001@hammer.cs.ucr.edu $ ^above        #a bug that is mentioned in r README
jdixo001@hammer.cs.ucr.edu $ #that       ls
a.out  bin  exec.script  LICENSE  Makefile  README.md  src  tests
jdixo001@hammer.cs.ucr.edu $ mv a.out tests
jdixo001@hammer.cs.ucr.edu $ rm / tests/a.out
jdixo001@hammer.cs.ucr.edu $ rm test/test            echo w done && echo success || do n      echo this wont happene 
done
success
jdixo001@hammer.cs.ucr.edu $ exit    maje    ke run
make[1]: Entering directory `/home/csmajs/jdixo001/Documents/rshell'
bin/rshell
jdixo001@hammer.cs.ucr.edu $ #oops, bu ut one more thing
jdixo001@hammer.cs.ucr.edu $ &&;;|| #just connecotr   tors is errors
Error: Incorrect connector config
jdixo001@hammer.cs.ucr.edu $ && ls #connectors first is   error
Error: file does not exist
jdixo001@hammer.cs.ucr.edu $ exit
make[1]: Leaving directory `/home/csmajs/jdixo001/Documents/rshell'
jdixo001@hammer.cs.ucr.edu $ exit
~/Documents/rshell
jdixo001@hammer $ exit
exit

Script done on Sat 18 Apr 2015 11:31:55 PM PDT
